---
source: crates/core/src/models/data/data.rs
expression: "Data::sample()"
---
Data(
  information: ProtoInvoiceInfo(
    offset: TimestampedInvoiceNumber(
      offset: 17,
      month: "1905-10",
    ),
    months_off_record: MonthsOffRecord([
      "2020-12",
      "2021-03",
    ]),
    purchase_order: Some("PO-12345"),
    footer_text: Some("Billed with the utmost discretion—your secrets are safe, for a price."),
    emphasize_color_hex: Some("#8b008b"),
  ),
  vendor: CompanyInformation(
    contact_person: Some("Arsène Lupin"),
    organisation_number: "7418529-3012",
    company_name: "Lupin et Associés",
    postal_address: PostalAddress(
      street_address: StreetAddress(
        line_1: "5 Avenue Henri-Martin",
        line_2: "Appartement 24",
      ),
      zip: "75116",
      country: "France",
      city: "Paris",
    ),
    vat_number: "FR74185293012",
  ),
  client: CompanyInformation(
    contact_person: Some("Sherlock Holmes"),
    organisation_number: "9876543-2101",
    company_name: "Holmes Ltd",
    postal_address: PostalAddress(
      street_address: StreetAddress(
        line_1: "221B Baker Street",
        line_2: "",
      ),
      zip: "NW1 6XE",
      country: "England",
      city: "London",
    ),
    vat_number: "GB987654321",
  ),
  payment_info: PaymentInformation(
    iban: "FR76 3000 6000 0112 3456 7890 189",
    bank_name: "Banque de Paris",
    bic: "BNPAFRPP",
    currency: "EUR",
    terms: "Net 30",
  ),
  service_fees: ServiceFees(
    name: "Discreet Investigative Services",
    unit_price: UnitPrice(777.0),
  ),
  expensed_months: ExpensedMonths(
    explanation: "Expenses for months",
    expenses_for_months: {
      "2025-05": [
        Item(
          name: "Breakfast",
          unit_price: UnitPrice(145.0),
          currency: "SEK",
          quantity: Quantity(1.0),
          transaction_date: "2025-05-20",
        ),
        Item(
          name: "Coffee",
          unit_price: UnitPrice(4.0),
          currency: "GBP",
          quantity: Quantity(2.0),
          transaction_date: "2025-05-31",
        ),
        Item(
          name: "Sandwich",
          unit_price: UnitPrice(7.0),
          currency: "GBP",
          quantity: Quantity(1.0),
          transaction_date: "2025-05-31",
        ),
      ],
    },
  ),
)
